
> finbridge-frontend@1.0.0 dev
> vite --host


  [32m[1mVITE[22m v5.4.21[39m  [2mready in [0m[1m1234[22m[2m[0m ms[22m

  [32m➜[39m  [1mLocal[22m:   [36mhttp://localhost:[1m5173[22m/[39m
  [32m➜[39m  [1mNetwork[22m: [36mhttp://192.168.1.5:[1m5173[22m/[39m
[2m4:01:37 pm[22m [36m[1m[vite][22m[39m [32mhmr update [39m[2m/src/components/AccountantDashboard.jsx[22m
[2m4:01:57 pm[22m [36m[1m[vite][22m[39m [32mhmr update [39m[2m/src/components/AccountantDashboard.jsx[22m
[2m4:02:14 pm[22m [36m[1m[vite][22m[39m [32mhmr update [39m[2m/src/components/AccountantDashboard.jsx[22m
[2m4:02:41 pm[22m [36m[1m[vite][22m[39m [32mhmr update [39m[2m/src/components/AccountantDashboard.jsx[22m
[2m4:05:21 pm[22m [36m[1m[vite][22m[39m [32mhmr update [39m[2m/src/components/AccountantDashboard.jsx[22m
[2m4:05:45 pm[22m [36m[1m[vite][22m[39m [32mhmr update [39m[2m/src/components/AccountantDashboard.jsx[22m
[2m4:05:49 pm[22m [36m[1m[vite][22m[39m [32mhmr update [39m[2m/src/components/AccountantDashboard.jsx[22m
[2m4:05:56 pm[22m [36m[1m[vite][22m[39m [32mhmr update [39m[2m/src/components/AccountantDashboard.jsx[22m
[2m4:11:33 pm[22m [36m[1m[vite][22m[39m [32mhmr update [39m[2m/src/components/CompanyDashboard.jsx[22m
[2m4:11:41 pm[22m [36m[1m[vite][22m[39m [32mhmr update [39m[2m/src/components/CompanyDashboard.jsx[22m
[2m4:12:04 pm[22m [36m[1m[vite][22m[39m [32mhmr update [39m[2m/src/components/CompanyDashboard.jsx[22m
[2m4:12:26 pm[22m [36m[1m[vite][22m[39m [32mhmr update [39m[2m/src/components/CompanyDashboard.jsx[22m
[2m4:12:40 pm[22m [36m[1m[vite][22m[39m [32mhmr update [39m[2m/src/components/CompanyDashboard.jsx[22m

> finbridge-frontend@1.0.0 dev
> vite --host


  [32m[1mVITE[22m v5.4.21[39m  [2mready in [0m[1m1614[22m[2m[0m ms[22m

  [32m➜[39m  [1mLocal[22m:   [36mhttp://localhost:[1m5173[22m/[39m
  [32m➜[39m  [1mNetwork[22m: [36mhttp://192.168.1.5:[1m5173[22m/[39m
[2m4:18:43 pm[22m [36m[1m[vite][22m[39m [32mhmr update [39m[2m/src/components/CompanyDashboard.jsx[22m
[2m4:22:46 pm[22m [36m[1m[vite][22m[39m [32mhmr update [39m[2m/src/components/CompanyDashboard.jsx[22m
[2m4:22:55 pm[22m [36m[1m[vite][22m[39m [32mhmr update [39m[2m/src/components/CompanyDashboard.jsx[22m
[2m4:24:26 pm[22m [36m[1m[vite][22m[39m [32mhmr update [39m[2m/src/components/CompanyDashboard.jsx[22m
[2m4:24:36 pm[22m [36m[1m[vite][22m[39m [32mhmr update [39m[2m/src/components/CompanyDashboard.jsx[22m
[2m4:24:41 pm[22m [36m[1m[vite][22m[39m [32mhmr update [39m[2m/src/components/CompanyDashboard.jsx[22m
[2m4:27:43 pm[22m [36m[1m[vite][22m[39m [32mhmr update [39m[2m/src/components/PlatformAdminDashboard.jsx[22m
[2m4:27:49 pm[22m [36m[1m[vite][22m[39m [32mhmr update [39m[2m/src/components/PlatformAdminDashboard.jsx[22m
[2m4:28:03 pm[22m [36m[1m[vite][22m[39m [32mhmr update [39m[2m/src/components/PlatformAdminDashboard.jsx[22m
[2m4:29:59 pm[22m [36m[1m[vite][22m[39m [32mhmr update [39m[2m/src/components/PlatformAdminDashboard.jsx[22m
[2m4:34:26 pm[22m [36m[1m[vite][22m[39m [32mhmr update [39m[2m/src/components/FirmAdminDashboard.jsx[22m
[2m4:34:36 pm[22m [36m[1m[vite][22m[39m [32mhmr update [39m[2m/src/components/FirmAdminDashboard.jsx[22m
[2m4:36:53 pm[22m [36m[1m[vite][22m[39m [32mhmr update [39m[2m/src/components/LoginPage.jsx[22m
[2m4:36:58 pm[22m [36m[1m[vite][22m[39m [32mhmr update [39m[2m/src/components/PlatformAdminDashboard.jsx[22m
[2m4:37:05 pm[22m [36m[1m[vite][22m[39m [32mhmr update [39m[2m/src/components/AccountantDashboard.jsx[22m
[2m4:37:09 pm[22m [36m[1m[vite][22m[39m [32mhmr update [39m[2m/src/components/FirmAdminDashboard.jsx[22m
[2m4:45:56 pm[22m [36m[1m[vite][22m[39m [32mhmr update [39m[2m/src/components/FirmAdminDashboard.jsx[22m
[2m4:46:19 pm[22m [36m[1m[vite][22m[39m [32mhmr update [39m[2m/src/components/FirmAdminDashboard.jsx[22m
[2m4:46:35 pm[22m [36m[1m[vite][22m[39m [32mhmr update [39m[2m/src/components/FirmAdminDashboard.jsx[22m
[2m4:46:54 pm[22m [36m[1m[vite][22m[39m [32mhmr update [39m[2m/src/components/FirmAdminDashboard.jsx[22m
[2m4:47:03 pm[22m [36m[1m[vite][22m[39m [32mhmr update [39m[2m/src/components/PlatformAdminDashboard.jsx[22m
[2m4:47:18 pm[22m [36m[1m[vite][22m[39m [32mhmr update [39m[2m/src/components/PlatformAdminDashboard.jsx[22m
[2m4:47:18 pm[22m [31m[1m[vite][22m[39m [31mInternal server error: D:\FinBridge_Hackathon\FinBridge_Atish\frontend\src\components\PlatformAdminDashboard.jsx: Expected corresponding JSX closing tag for <>. (617:8)

[0m [90m 615 |[31m             [33m<[31m[33m/[31m[33mtable[31m[33m>[31m
 [90m 616 |[31m           [33m<[31m[33m/[31m[33mdiv[31m[33m>[31m
[31m[1m>[22m[31m[90m 617 |[31m         [33m<[31m[33m/[31m[33mdiv[31m[33m>[31m
 [90m     |[31m         [31m[1m^[22m[31m
 [90m 618 |[31m       )}
 [90m 619 |[31m
 [90m 620 |[31m       {[90m/* ══════════════════════════════════════════════════════════════[31m[0m[39m
  Plugin: [35mvite:react-babel[39m
  File: [36mD:/FinBridge_Hackathon/FinBridge_Atish/frontend/src/components/PlatformAdminDashboard.jsx[39m:617:8
[33m  615|              </table>
  616|            </div>
  617|          </div>
     |          ^
  618|        )}
  619|  [39m
      at constructor (D:\FinBridge_Hackathon\FinBridge_Atish\frontend\node_modules\@babel\parser\lib\index.js:365:19)
      at JSXParserMixin.raise (D:\FinBridge_Hackathon\FinBridge_Atish\frontend\node_modules\@babel\parser\lib\index.js:6616:19)
      at JSXParserMixin.jsxParseElementAt (D:\FinBridge_Hackathon\FinBridge_Atish\frontend\node_modules\@babel\parser\lib\index.js:4732:14)
      at JSXParserMixin.jsxParseElement (D:\FinBridge_Hackathon\FinBridge_Atish\frontend\node_modules\@babel\parser\lib\index.js:4761:17)
      at JSXParserMixin.parseExprAtom (D:\FinBridge_Hackathon\FinBridge_Atish\frontend\node_modules\@babel\parser\lib\index.js:4771:19)
      at JSXParserMixin.parseExprSubscripts (D:\FinBridge_Hackathon\FinBridge_Atish\frontend\node_modules\@babel\parser\lib\index.js:11098:23)
      at JSXParserMixin.parseUpdate (D:\FinBridge_Hackathon\FinBridge_Atish\frontend\node_modules\@babel\parser\lib\index.js:11083:21)
      at JSXParserMixin.parseMaybeUnary (D:\FinBridge_Hackathon\FinBridge_Atish\frontend\node_modules\@babel\parser\lib\index.js:11063:23)
      at JSXParserMixin.parseMaybeUnaryOrPrivate (D:\FinBridge_Hackathon\FinBridge_Atish\frontend\node_modules\@babel\parser\lib\index.js:10916:61)
      at JSXParserMixin.parseExprOps (D:\FinBridge_Hackathon\FinBridge_Atish\frontend\node_modules\@babel\parser\lib\index.js:10921:23)
      at JSXParserMixin.parseMaybeConditional (D:\FinBridge_Hackathon\FinBridge_Atish\frontend\node_modules\@babel\parser\lib\index.js:10898:23)
      at JSXParserMixin.parseMaybeAssign (D:\FinBridge_Hackathon\FinBridge_Atish\frontend\node_modules\@babel\parser\lib\index.js:10848:21)
      at D:\FinBridge_Hackathon\FinBridge_Atish\frontend\node_modules\@babel\parser\lib\index.js:10817:39
      at JSXParserMixin.allowInAnd (D:\FinBridge_Hackathon\FinBridge_Atish\frontend\node_modules\@babel\parser\lib\index.js:12443:12)
      at JSXParserMixin.parseMaybeAssignAllowIn (D:\FinBridge_Hackathon\FinBridge_Atish\frontend\node_modules\@babel\parser\lib\index.js:10817:17)
      at JSXParserMixin.parseMaybeAssignAllowInOrVoidPattern (D:\FinBridge_Hackathon\FinBridge_Atish\frontend\node_modules\@babel\parser\lib\index.js:12510:17)
      at JSXParserMixin.parseParenAndDistinguishExpression (D:\FinBridge_Hackathon\FinBridge_Atish\frontend\node_modules\@babel\parser\lib\index.js:11692:28)
      at JSXParserMixin.parseExprAtom (D:\FinBridge_Hackathon\FinBridge_Atish\frontend\node_modules\@babel\parser\lib\index.js:11348:23)
      at JSXParserMixin.parseExprAtom (D:\FinBridge_Hackathon\FinBridge_Atish\frontend\node_modules\@babel\parser\lib\index.js:4776:20)
      at JSXParserMixin.parseExprSubscripts (D:\FinBridge_Hackathon\FinBridge_Atish\frontend\node_modules\@babel\parser\lib\index.js:11098:23)
      at JSXParserMixin.parseUpdate (D:\FinBridge_Hackathon\FinBridge_Atish\frontend\node_modules\@babel\parser\lib\index.js:11083:21)
      at JSXParserMixin.parseMaybeUnary (D:\FinBridge_Hackathon\FinBridge_Atish\frontend\node_modules\@babel\parser\lib\index.js:11063:23)
      at JSXParserMixin.parseMaybeUnaryOrPrivate (D:\FinBridge_Hackathon\FinBridge_Atish\frontend\node_modules\@babel\parser\lib\index.js:10916:61)
      at JSXParserMixin.parseExprOps (D:\FinBridge_Hackathon\FinBridge_Atish\frontend\node_modules\@babel\parser\lib\index.js:10921:23)
      at JSXParserMixin.parseMaybeConditional (D:\FinBridge_Hackathon\FinBridge_Atish\frontend\node_modules\@babel\parser\lib\index.js:10898:23)
      at JSXParserMixin.parseMaybeAssign (D:\FinBridge_Hackathon\FinBridge_Atish\frontend\node_modules\@babel\parser\lib\index.js:10848:21)
      at JSXParserMixin.parseExpressionBase (D:\FinBridge_Hackathon\FinBridge_Atish\frontend\node_modules\@babel\parser\lib\index.js:10801:23)
      at D:\FinBridge_Hackathon\FinBridge_Atish\frontend\node_modules\@babel\parser\lib\index.js:10797:39
      at JSXParserMixin.allowInAnd (D:\FinBridge_Hackathon\FinBridge_Atish\frontend\node_modules\@babel\parser\lib\index.js:12438:16)
      at JSXParserMixin.parseExpression (D:\FinBridge_Hackathon\FinBridge_Atish\frontend\node_modules\@babel\parser\lib\index.js:10797:17)
      at JSXParserMixin.parseReturnStatement (D:\FinBridge_Hackathon\FinBridge_Atish\frontend\node_modules\@babel\parser\lib\index.js:13159:28)
      at JSXParserMixin.parseStatementContent (D:\FinBridge_Hackathon\FinBridge_Atish\frontend\node_modules\@babel\parser\lib\index.js:12815:21)
      at JSXParserMixin.parseStatementLike (D:\FinBridge_Hackathon\FinBridge_Atish\frontend\node_modules\@babel\parser\lib\index.js:12784:17)
      at JSXParserMixin.parseStatementListItem (D:\FinBridge_Hackathon\FinBridge_Atish\frontend\node_modules\@babel\parser\lib\index.js:12764:17)
      at JSXParserMixin.parseBlockOrModuleBlockBody (D:\FinBridge_Hackathon\FinBridge_Atish\frontend\node_modules\@babel\parser\lib\index.js:13333:61)
      at JSXParserMixin.parseBlockBody (D:\FinBridge_Hackathon\FinBridge_Atish\frontend\node_modules\@babel\parser\lib\index.js:13326:10)
      at JSXParserMixin.parseBlock (D:\FinBridge_Hackathon\FinBridge_Atish\frontend\node_modules\@babel\parser\lib\index.js:13314:10)
      at JSXParserMixin.parseFunctionBody (D:\FinBridge_Hackathon\FinBridge_Atish\frontend\node_modules\@babel\parser\lib\index.js:12117:24)
      at JSXParserMixin.parseArrowExpression (D:\FinBridge_Hackathon\FinBridge_Atish\frontend\node_modules\@babel\parser\lib\index.js:12092:10)
      at JSXParserMixin.parseParenAndDistinguishExpression (D:\FinBridge_Hackathon\FinBridge_Atish\frontend\node_modules\@babel\parser\lib\index.js:11704:12)
      at JSXParserMixin.parseExprAtom (D:\FinBridge_Hackathon\FinBridge_Atish\frontend\node_modules\@babel\parser\lib\index.js:11348:23)
      at JSXParserMixin.parseExprAtom (D:\FinBridge_Hackathon\FinBridge_Atish\frontend\node_modules\@babel\parser\lib\index.js:4776:20)
      at JSXParserMixin.parseExprSubscripts (D:\FinBridge_Hackathon\FinBridge_Atish\frontend\node_modules\@babel\parser\lib\index.js:11098:23)
      at JSXParserMixin.parseUpdate (D:\FinBridge_Hackathon\FinBridge_Atish\frontend\node_modules\@babel\parser\lib\index.js:11083:21)
      at JSXParserMixin.parseMaybeUnary (D:\FinBridge_Hackathon\FinBridge_Atish\frontend\node_modules\@babel\parser\lib\index.js:11063:23)
      at JSXParserMixin.parseMaybeUnaryOrPrivate (D:\FinBridge_Hackathon\FinBridge_Atish\frontend\node_modules\@babel\parser\lib\index.js:10916:61)
      at JSXParserMixin.parseExprOps (D:\FinBridge_Hackathon\FinBridge_Atish\frontend\node_modules\@babel\parser\lib\index.js:10921:23)
      at JSXParserMixin.parseMaybeConditional (D:\FinBridge_Hackathon\FinBridge_Atish\frontend\node_modules\@babel\parser\lib\index.js:10898:23)
      at JSXParserMixin.parseMaybeAssign (D:\FinBridge_Hackathon\FinBridge_Atish\frontend\node_modules\@babel\parser\lib\index.js:10848:21)
      at D:\FinBridge_Hackathon\FinBridge_Atish\frontend\node_modules\@babel\parser\lib\index.js:10817:39
[2m4:47:35 pm[22m [36m[1m[vite][22m[39m [32mhmr update [39m[2m/src/components/PlatformAdminDashboard.jsx[22m
[2m4:47:53 pm[22m [36m[1m[vite][22m[39m [32mhmr update [39m[2m/src/components/PlatformAdminDashboard.jsx[22m
[2m4:47:53 pm[22m [31m[1m[vite][22m[39m [31mInternal server error: D:\FinBridge_Hackathon\FinBridge_Atish\frontend\src\components\PlatformAdminDashboard.jsx: Unexpected token, expected "," (838:6)

[0m [90m 836 |[31m       )}
 [90m 837 |[31m
[31m[1m>[22m[31m[90m 838 |[31m       {[90m/* ══════════════════════════════════════════════════════════════[31m
 [90m     |[31m       [31m[1m^[22m[31m
 [90m 839 |[31m [90m          STATS[31m
 [90m 840 |[31m [90m      ══════════════════════════════════════════════════════════════ */[31m}
 [90m 841 |[31m       {activeSection [33m===[31m [32m'stats'[31m [33m&&[31m ([0m[39m
  Plugin: [35mvite:react-babel[39m
  File: [36mD:/FinBridge_Hackathon/FinBridge_Atish/frontend/src/components/PlatformAdminDashboard.jsx[39m:838:6
[33m  836|        )}
  837|  
  838|        {/* ══════════════════════════════════════════════════════════════
     |        ^
  839|            STATS
  840|        ══════════════════════════════════════════════════════════════ */}[39m
      at constructor (D:\FinBridge_Hackathon\FinBridge_Atish\frontend\node_modules\@babel\parser\lib\index.js:365:19)
      at JSXParserMixin.raise (D:\FinBridge_Hackathon\FinBridge_Atish\frontend\node_modules\@babel\parser\lib\index.js:6616:19)
      at JSXParserMixin.unexpected (D:\FinBridge_Hackathon\FinBridge_Atish\frontend\node_modules\@babel\parser\lib\index.js:6636:16)
      at JSXParserMixin.expect (D:\FinBridge_Hackathon\FinBridge_Atish\frontend\node_modules\@babel\parser\lib\index.js:6916:12)
      at JSXParserMixin.parseParenAndDistinguishExpression (D:\FinBridge_Hackathon\FinBridge_Atish\frontend\node_modules\@babel\parser\lib\index.js:11678:14)
      at JSXParserMixin.parseExprAtom (D:\FinBridge_Hackathon\FinBridge_Atish\frontend\node_modules\@babel\parser\lib\index.js:11348:23)
      at JSXParserMixin.parseExprAtom (D:\FinBridge_Hackathon\FinBridge_Atish\frontend\node_modules\@babel\parser\lib\index.js:4776:20)
      at JSXParserMixin.parseExprSubscripts (D:\FinBridge_Hackathon\FinBridge_Atish\frontend\node_modules\@babel\parser\lib\index.js:11098:23)
      at JSXParserMixin.parseUpdate (D:\FinBridge_Hackathon\FinBridge_Atish\frontend\node_modules\@babel\parser\lib\index.js:11083:21)
      at JSXParserMixin.parseMaybeUnary (D:\FinBridge_Hackathon\FinBridge_Atish\frontend\node_modules\@babel\parser\lib\index.js:11063:23)
      at JSXParserMixin.parseMaybeUnaryOrPrivate (D:\FinBridge_Hackathon\FinBridge_Atish\frontend\node_modules\@babel\parser\lib\index.js:10916:61)
      at JSXParserMixin.parseExprOpBaseRightExpr (D:\FinBridge_Hackathon\FinBridge_Atish\frontend\node_modules\@babel\parser\lib\index.js:11003:34)
      at JSXParserMixin.parseExprOpRightExpr (D:\FinBridge_Hackathon\FinBridge_Atish\frontend\node_modules\@babel\parser\lib\index.js:10998:21)
      at JSXParserMixin.parseExprOp (D:\FinBridge_Hackathon\FinBridge_Atish\frontend\node_modules\@babel\parser\lib\index.js:10964:27)
      at JSXParserMixin.parseExprOp (D:\FinBridge_Hackathon\FinBridge_Atish\frontend\node_modules\@babel\parser\lib\index.js:10970:21)
      at JSXParserMixin.parseExprOps (D:\FinBridge_Hackathon\FinBridge_Atish\frontend\node_modules\@babel\parser\lib\index.js:10925:17)
      at JSXParserMixin.parseMaybeConditional (D:\FinBridge_Hackathon\FinBridge_Atish\frontend\node_modules\@babel\parser\lib\index.js:10898:23)
      at JSXParserMixin.parseMaybeAssign (D:\FinBridge_Hackathon\FinBridge_Atish\frontend\node_modules\@babel\parser\lib\index.js:10848:21)
      at JSXParserMixin.parseExpressionBase (D:\FinBridge_Hackathon\FinBridge_Atish\frontend\node_modules\@babel\parser\lib\index.js:10801:23)
      at D:\FinBridge_Hackathon\FinBridge_Atish\frontend\node_modules\@babel\parser\lib\index.js:10797:39
      at JSXParserMixin.allowInAnd (D:\FinBridge_Hackathon\FinBridge_Atish\frontend\node_modules\@babel\parser\lib\index.js:12443:12)
      at JSXParserMixin.parseExpression (D:\FinBridge_Hackathon\FinBridge_Atish\frontend\node_modules\@babel\parser\lib\index.js:10797:17)
      at JSXParserMixin.jsxParseExpressionContainer (D:\FinBridge_Hackathon\FinBridge_Atish\frontend\node_modules\@babel\parser\lib\index.js:4644:31)
      at JSXParserMixin.jsxParseElementAt (D:\FinBridge_Hackathon\FinBridge_Atish\frontend\node_modules\@babel\parser\lib\index.js:4723:36)
      at JSXParserMixin.jsxParseElement (D:\FinBridge_Hackathon\FinBridge_Atish\frontend\node_modules\@babel\parser\lib\index.js:4761:17)
      at JSXParserMixin.parseExprAtom (D:\FinBridge_Hackathon\FinBridge_Atish\frontend\node_modules\@babel\parser\lib\index.js:4771:19)
      at JSXParserMixin.parseExprSubscripts (D:\FinBridge_Hackathon\FinBridge_Atish\frontend\node_modules\@babel\parser\lib\index.js:11098:23)
      at JSXParserMixin.parseUpdate (D:\FinBridge_Hackathon\FinBridge_Atish\frontend\node_modules\@babel\parser\lib\index.js:11083:21)
      at JSXParserMixin.parseMaybeUnary (D:\FinBridge_Hackathon\FinBridge_Atish\frontend\node_modules\@babel\parser\lib\index.js:11063:23)
      at JSXParserMixin.parseMaybeUnaryOrPrivate (D:\FinBridge_Hackathon\FinBridge_Atish\frontend\node_modules\@babel\parser\lib\index.js:10916:61)
      at JSXParserMixin.parseExprOps (D:\FinBridge_Hackathon\FinBridge_Atish\frontend\node_modules\@babel\parser\lib\index.js:10921:23)
      at JSXParserMixin.parseMaybeConditional (D:\FinBridge_Hackathon\FinBridge_Atish\frontend\node_modules\@babel\parser\lib\index.js:10898:23)
      at JSXParserMixin.parseMaybeAssign (D:\FinBridge_Hackathon\FinBridge_Atish\frontend\node_modules\@babel\parser\lib\index.js:10848:21)
      at D:\FinBridge_Hackathon\FinBridge_Atish\frontend\node_modules\@babel\parser\lib\index.js:10817:39
      at JSXParserMixin.allowInAnd (D:\FinBridge_Hackathon\FinBridge_Atish\frontend\node_modules\@babel\parser\lib\index.js:12443:12)
      at JSXParserMixin.parseMaybeAssignAllowIn (D:\FinBridge_Hackathon\FinBridge_Atish\frontend\node_modules\@babel\parser\lib\index.js:10817:17)
      at JSXParserMixin.parseMaybeAssignAllowInOrVoidPattern (D:\FinBridge_Hackathon\FinBridge_Atish\frontend\node_modules\@babel\parser\lib\index.js:12510:17)
      at JSXParserMixin.parseParenAndDistinguishExpression (D:\FinBridge_Hackathon\FinBridge_Atish\frontend\node_modules\@babel\parser\lib\index.js:11692:28)
      at JSXParserMixin.parseExprAtom (D:\FinBridge_Hackathon\FinBridge_Atish\frontend\node_modules\@babel\parser\lib\index.js:11348:23)
      at JSXParserMixin.parseExprAtom (D:\FinBridge_Hackathon\FinBridge_Atish\frontend\node_modules\@babel\parser\lib\index.js:4776:20)
      at JSXParserMixin.parseExprSubscripts (D:\FinBridge_Hackathon\FinBridge_Atish\frontend\node_modules\@babel\parser\lib\index.js:11098:23)
      at JSXParserMixin.parseUpdate (D:\FinBridge_Hackathon\FinBridge_Atish\frontend\node_modules\@babel\parser\lib\index.js:11083:21)
      at JSXParserMixin.parseMaybeUnary (D:\FinBridge_Hackathon\FinBridge_Atish\frontend\node_modules\@babel\parser\lib\index.js:11063:23)
      at JSXParserMixin.parseMaybeUnaryOrPrivate (D:\FinBridge_Hackathon\FinBridge_Atish\frontend\node_modules\@babel\parser\lib\index.js:10916:61)
      at JSXParserMixin.parseExprOps (D:\FinBridge_Hackathon\FinBridge_Atish\frontend\node_modules\@babel\parser\lib\index.js:10921:23)
      at JSXParserMixin.parseMaybeConditional (D:\FinBridge_Hackathon\FinBridge_Atish\frontend\node_modules\@babel\parser\lib\index.js:10898:23)
      at JSXParserMixin.parseMaybeAssign (D:\FinBridge_Hackathon\FinBridge_Atish\frontend\node_modules\@babel\parser\lib\index.js:10848:21)
      at JSXParserMixin.parseExpressionBase (D:\FinBridge_Hackathon\FinBridge_Atish\frontend\node_modules\@babel\parser\lib\index.js:10801:23)
      at D:\FinBridge_Hackathon\FinBridge_Atish\frontend\node_modules\@babel\parser\lib\index.js:10797:39
      at JSXParserMixin.allowInAnd (D:\FinBridge_Hackathon\FinBridge_Atish\frontend\node_modules\@babel\parser\lib\index.js:12438:16)
[2m4:48:11 pm[22m [36m[1m[vite][22m[39m [32mhmr update [39m[2m/src/components/PlatformAdminDashboard.jsx[22m
[2m4:48:26 pm[22m [36m[1m[vite][22m[39m [32mhmr update [39m[2m/src/components/PlatformAdminDashboard.jsx[22m
[2m4:48:26 pm[22m [31m[1m[vite][22m[39m [31mInternal server error: D:\FinBridge_Hackathon\FinBridge_Atish\frontend\src\components\PlatformAdminDashboard.jsx: Unexpected token, expected "," (1005:4)

[0m [90m 1003 |[31m         [33m<[31m[33m/[31m[33mdiv[31m[33m>[31m
 [90m 1004 |[31m       )}
[31m[1m>[22m[31m[90m 1005 |[31m     [33m<[31m[33m/[31m[33mdiv[31m[33m>[31m
 [90m      |[31m     [31m[1m^[22m[31m
 [90m 1006 |[31m   )[33m;[31m
 [90m 1007 |[31m }
 [90m 1008 |[31m[0m[39m
  Plugin: [35mvite:react-babel[39m
  File: [36mD:/FinBridge_Hackathon/FinBridge_Atish/frontend/src/components/PlatformAdminDashboard.jsx[39m:1005:4
[33m  1003|          </div>
  1004|        )}
  1005|      </div>
     |      ^
  1006|    );
  1007|  }[39m
      at constructor (D:\FinBridge_Hackathon\FinBridge_Atish\frontend\node_modules\@babel\parser\lib\index.js:365:19)
      at JSXParserMixin.raise (D:\FinBridge_Hackathon\FinBridge_Atish\frontend\node_modules\@babel\parser\lib\index.js:6616:19)
      at JSXParserMixin.unexpected (D:\FinBridge_Hackathon\FinBridge_Atish\frontend\node_modules\@babel\parser\lib\index.js:6636:16)
      at JSXParserMixin.expect (D:\FinBridge_Hackathon\FinBridge_Atish\frontend\node_modules\@babel\parser\lib\index.js:6916:12)
      at JSXParserMixin.parseParenAndDistinguishExpression (D:\FinBridge_Hackathon\FinBridge_Atish\frontend\node_modules\@babel\parser\lib\index.js:11678:14)
      at JSXParserMixin.parseExprAtom (D:\FinBridge_Hackathon\FinBridge_Atish\frontend\node_modules\@babel\parser\lib\index.js:11348:23)
      at JSXParserMixin.parseExprAtom (D:\FinBridge_Hackathon\FinBridge_Atish\frontend\node_modules\@babel\parser\lib\index.js:4776:20)
      at JSXParserMixin.parseExprSubscripts (D:\FinBridge_Hackathon\FinBridge_Atish\frontend\node_modules\@babel\parser\lib\index.js:11098:23)
      at JSXParserMixin.parseUpdate (D:\FinBridge_Hackathon\FinBridge_Atish\frontend\node_modules\@babel\parser\lib\index.js:11083:21)
      at JSXParserMixin.parseMaybeUnary (D:\FinBridge_Hackathon\FinBridge_Atish\frontend\node_modules\@babel\parser\lib\index.js:11063:23)
      at JSXParserMixin.parseMaybeUnaryOrPrivate (D:\FinBridge_Hackathon\FinBridge_Atish\frontend\node_modules\@babel\parser\lib\index.js:10916:61)
      at JSXParserMixin.parseExprOpBaseRightExpr (D:\FinBridge_Hackathon\FinBridge_Atish\frontend\node_modules\@babel\parser\lib\index.js:11003:34)
      at JSXParserMixin.parseExprOpRightExpr (D:\FinBridge_Hackathon\FinBridge_Atish\frontend\node_modules\@babel\parser\lib\index.js:10998:21)
      at JSXParserMixin.parseExprOp (D:\FinBridge_Hackathon\FinBridge_Atish\frontend\node_modules\@babel\parser\lib\index.js:10964:27)
      at JSXParserMixin.parseExprOp (D:\FinBridge_Hackathon\FinBridge_Atish\frontend\node_modules\@babel\parser\lib\index.js:10970:21)
      at JSXParserMixin.parseExprOps (D:\FinBridge_Hackathon\FinBridge_Atish\frontend\node_modules\@babel\parser\lib\index.js:10925:17)
      at JSXParserMixin.parseMaybeConditional (D:\FinBridge_Hackathon\FinBridge_Atish\frontend\node_modules\@babel\parser\lib\index.js:10898:23)
      at JSXParserMixin.parseMaybeAssign (D:\FinBridge_Hackathon\FinBridge_Atish\frontend\node_modules\@babel\parser\lib\index.js:10848:21)
      at JSXParserMixin.parseExpressionBase (D:\FinBridge_Hackathon\FinBridge_Atish\frontend\node_modules\@babel\parser\lib\index.js:10801:23)
      at D:\FinBridge_Hackathon\FinBridge_Atish\frontend\node_modules\@babel\parser\lib\index.js:10797:39
      at JSXParserMixin.allowInAnd (D:\FinBridge_Hackathon\FinBridge_Atish\frontend\node_modules\@babel\parser\lib\index.js:12443:12)
      at JSXParserMixin.parseExpression (D:\FinBridge_Hackathon\FinBridge_Atish\frontend\node_modules\@babel\parser\lib\index.js:10797:17)
      at JSXParserMixin.jsxParseExpressionContainer (D:\FinBridge_Hackathon\FinBridge_Atish\frontend\node_modules\@babel\parser\lib\index.js:4644:31)
      at JSXParserMixin.jsxParseElementAt (D:\FinBridge_Hackathon\FinBridge_Atish\frontend\node_modules\@babel\parser\lib\index.js:4723:36)
      at JSXParserMixin.jsxParseElement (D:\FinBridge_Hackathon\FinBridge_Atish\frontend\node_modules\@babel\parser\lib\index.js:4761:17)
      at JSXParserMixin.parseExprAtom (D:\FinBridge_Hackathon\FinBridge_Atish\frontend\node_modules\@babel\parser\lib\index.js:4771:19)
      at JSXParserMixin.parseExprSubscripts (D:\FinBridge_Hackathon\FinBridge_Atish\frontend\node_modules\@babel\parser\lib\index.js:11098:23)
      at JSXParserMixin.parseUpdate (D:\FinBridge_Hackathon\FinBridge_Atish\frontend\node_modules\@babel\parser\lib\index.js:11083:21)
      at JSXParserMixin.parseMaybeUnary (D:\FinBridge_Hackathon\FinBridge_Atish\frontend\node_modules\@babel\parser\lib\index.js:11063:23)
      at JSXParserMixin.parseMaybeUnaryOrPrivate (D:\FinBridge_Hackathon\FinBridge_Atish\frontend\node_modules\@babel\parser\lib\index.js:10916:61)
      at JSXParserMixin.parseExprOps (D:\FinBridge_Hackathon\FinBridge_Atish\frontend\node_modules\@babel\parser\lib\index.js:10921:23)
      at JSXParserMixin.parseMaybeConditional (D:\FinBridge_Hackathon\FinBridge_Atish\frontend\node_modules\@babel\parser\lib\index.js:10898:23)
      at JSXParserMixin.parseMaybeAssign (D:\FinBridge_Hackathon\FinBridge_Atish\frontend\node_modules\@babel\parser\lib\index.js:10848:21)
      at D:\FinBridge_Hackathon\FinBridge_Atish\frontend\node_modules\@babel\parser\lib\index.js:10817:39
      at JSXParserMixin.allowInAnd (D:\FinBridge_Hackathon\FinBridge_Atish\frontend\node_modules\@babel\parser\lib\index.js:12443:12)
      at JSXParserMixin.parseMaybeAssignAllowIn (D:\FinBridge_Hackathon\FinBridge_Atish\frontend\node_modules\@babel\parser\lib\index.js:10817:17)
      at JSXParserMixin.parseMaybeAssignAllowInOrVoidPattern (D:\FinBridge_Hackathon\FinBridge_Atish\frontend\node_modules\@babel\parser\lib\index.js:12510:17)
      at JSXParserMixin.parseParenAndDistinguishExpression (D:\FinBridge_Hackathon\FinBridge_Atish\frontend\node_modules\@babel\parser\lib\index.js:11692:28)
      at JSXParserMixin.parseExprAtom (D:\FinBridge_Hackathon\FinBridge_Atish\frontend\node_modules\@babel\parser\lib\index.js:11348:23)
      at JSXParserMixin.parseExprAtom (D:\FinBridge_Hackathon\FinBridge_Atish\frontend\node_modules\@babel\parser\lib\index.js:4776:20)
      at JSXParserMixin.parseExprSubscripts (D:\FinBridge_Hackathon\FinBridge_Atish\frontend\node_modules\@babel\parser\lib\index.js:11098:23)
      at JSXParserMixin.parseUpdate (D:\FinBridge_Hackathon\FinBridge_Atish\frontend\node_modules\@babel\parser\lib\index.js:11083:21)
      at JSXParserMixin.parseMaybeUnary (D:\FinBridge_Hackathon\FinBridge_Atish\frontend\node_modules\@babel\parser\lib\index.js:11063:23)
      at JSXParserMixin.parseMaybeUnaryOrPrivate (D:\FinBridge_Hackathon\FinBridge_Atish\frontend\node_modules\@babel\parser\lib\index.js:10916:61)
      at JSXParserMixin.parseExprOps (D:\FinBridge_Hackathon\FinBridge_Atish\frontend\node_modules\@babel\parser\lib\index.js:10921:23)
      at JSXParserMixin.parseMaybeConditional (D:\FinBridge_Hackathon\FinBridge_Atish\frontend\node_modules\@babel\parser\lib\index.js:10898:23)
      at JSXParserMixin.parseMaybeAssign (D:\FinBridge_Hackathon\FinBridge_Atish\frontend\node_modules\@babel\parser\lib\index.js:10848:21)
      at JSXParserMixin.parseExpressionBase (D:\FinBridge_Hackathon\FinBridge_Atish\frontend\node_modules\@babel\parser\lib\index.js:10801:23)
      at D:\FinBridge_Hackathon\FinBridge_Atish\frontend\node_modules\@babel\parser\lib\index.js:10797:39
      at JSXParserMixin.allowInAnd (D:\FinBridge_Hackathon\FinBridge_Atish\frontend\node_modules\@babel\parser\lib\index.js:12438:16)
[2m4:48:32 pm[22m [36m[1m[vite][22m[39m [32mhmr update [39m[2m/src/components/PlatformAdminDashboard.jsx[22m
[2m4:49:35 pm[22m [36m[1m[vite][22m[39m [32mhmr update [39m[2m/src/components/CompanyDashboard.jsx[22m
[2m4:49:41 pm[22m [36m[1m[vite][22m[39m [32mhmr update [39m[2m/src/components/CompanyDashboard.jsx[22m
[2m4:49:49 pm[22m [36m[1m[vite][22m[39m [32mhmr update [39m[2m/src/components/CompanyDashboard.jsx[22m
[2m4:49:54 pm[22m [36m[1m[vite][22m[39m [32mhmr update [39m[2m/src/components/AccountantDashboard.jsx[22m
[2m4:50:00 pm[22m [36m[1m[vite][22m[39m [32mhmr update [39m[2m/src/components/AccountantDashboard.jsx[22m
[2m4:50:06 pm[22m [36m[1m[vite][22m[39m [32mhmr update [39m[2m/src/components/AccountantDashboard.jsx[22m
[2m4:50:11 pm[22m [36m[1m[vite][22m[39m [32mhmr update [39m[2m/src/components/AccountantDashboard.jsx[22m
[2m5:07:45 pm[22m [36m[1m[vite][22m[39m [32mvite.config.js changed, restarting server...[39m
[2m5:07:46 pm[22m [36m[1m[vite][22m[39m server restarted.
[2m5:13:08 pm[22m [36m[1m[vite][22m[39m [32mhmr update [39m[2m/src/components/MobileUpload.jsx[22m
[2m5:19:42 pm[22m [36m[1m[vite][22m[39m [32mhmr update [39m[2m/src/components/LoginPage.jsx[22m
[2m5:19:42 pm[22m [33m[1m[vite][22m[39m [33mwarning: [33mDuplicate key "fontSize" in object literal[33m
435|                      </span>
436|                      {isMobile &&
437|                  <span style={{ fontSize: 11, color: '#cbd5e1', fontFamily: 'monospace', textAlign: 'right', fontSize: 10 }}>
   |                                                                                                              ^
438|                          {c.user}
439|                        </span>
[39m
  Plugin: [35mvite:esbuild[39m
  File: [36mD:/FinBridge_Hackathon/FinBridge_Atish/frontend/src/components/LoginPage.jsx[39m
[2m5:27:13 pm[22m [36m[1m[vite][22m[39m [32mhmr update [39m[2m/src/components/MobileUpload.jsx[22m
[2m5:27:22 pm[22m [36m[1m[vite][22m[39m [32mhmr update [39m[2m/src/App.jsx[22m
[2m5:27:26 pm[22m [36m[1m[vite][22m[39m [32mhmr update [39m[2m/src/components/MobileUpload.jsx[22m
[2m5:27:31 pm[22m [36m[1m[vite][22m[39m [32mhmr update [39m[2m/src/components/MobileUpload.jsx[22m
[2m5:34:21 pm[22m [36m[1m[vite][22m[39m [32mhmr update [39m[2m/src/App.jsx[22m
[2m5:34:32 pm[22m [36m[1m[vite][22m[39m [32mhmr update [39m[2m/src/components/LoginPage.jsx[22m
[2m5:39:14 pm[22m [36m[1m[vite][22m[39m [32mhmr update [39m[2m/src/components/CompanyDashboard.jsx[22m
[2m5:43:27 pm[22m [36m[1m[vite][22m[39m [32mhmr update [39m[2m/src/components/MobileUpload.jsx[22m
[2m5:48:55 pm[22m [36m[1m[vite][22m[39m [32mhmr update [39m[2m/src/components/MobileUpload.jsx[22m
